n/10.jpg
n/105.First_recycled_glass_and_plastic_road_in_NSW_at_Engadine.jpg
n/12.cf509c7f-6395-42bf-8632-9653307e4e31.jpg
n/126.Kyzylart%20Pass0.jpg
n/14.jpg
n/15.long-straight-road-leading-towards-260nw-549537385.jpg
n/199.Paved_asphalt_road_2.jpg
n/2.Ahmedabad-Vadodara-Section-of-NH-8.jpg
n/21.3f16d8cc-9405-56b2-a87b-802e80e65020.jpg
n/28.20622226-straight-roads-towards-monument-valley-usa.jpg
n/34.232427_5f9ffc60.jpg
n/50.shutterstock_770775139_0.jpg
n/6.cropped-roads_wallpaper4223.jpg
n/road217.png
n/road220.png
n/road227.png
n/road232.png
n/road30.png
n/1.maxresdefault.jpg
n/1.smooth_road_resize_md.jpg
n/10.g2vnvw1of2i11.jpg
n/11.long-stretch-of-straight-blacktop-highway-through-the-namibian-desert-in-africa-PG48W1.jpg
n/128.roads_1280.jpg
n/15.jpg
n/16.nhai-eyes-rs-5000-crore-from-roads-bidding.jpg
n/160.grusvag-gardesgardar-ola-jennersten-ibl-33-902x492.jpg
n/175.KeHUL8X58VQK6zcxPGBQze-320-80.jpg
n/198.cats-419.jpg
n/2.federation-way-1.jpg
n/2.jpg
n/206.DSC_2814.jpg
n/22.71cf6a6de56ad5c894e9b580aa124abf.jpg
n/23.russian-roads-karelia-travel-by-road-asphalt-road-smooth-road_73741-113.jpg
n/239.28.jpeg
n/24.r0_0_4896_3264_w1200_h678_fmax.jpg
n/25.country-roads.jpg
n/26.Evacuated_Highway_401_Color.jpg
n/27.winding-road-signs.jpg
n/275.ROADWORKPatterson_Super_Portrait.jpg
n/29.2373c0d2-d860-41df-967d-bf72a71b69b7-large16x9_GettyImages1032330606.jpg
n/3.Road_in_Norway.jpg
n/30.pc-fall-200.jpg
n/341.Roadscheme-770x433.jpg
n/35.2filtro_cabecera.jpg
n/359.Completed-diamond-interchange-e1570056886137-1038x649.png
n/37.maxresdefault.jpg
n/37.straight_road.jpg
n/40.500_F_225885581_gWWa6kNzQXzoH0cxyRKyksrP58zlHdIn.jpg
n/41.stock-photo-17267652-skyline-drive-shenandoah-national-forest-virginia.jpg
n/46.VIRB0413.jpg
n/47.428682b700bd5c20f962c733b2a3362d.jpg
n/5.RACMJSXXIK7BFWBEPV5KGO6TNA.jpg
n/56.3111a.jpg
n/7.jpg
n/8.GettyImages-166135659.jpg
n/86.3111c.jpg
n/89.StradaDellaForra-min.jpg
n/90.file-20181022-105757-peefhw.jpg
n/road12.png
n/road14.png
n/road17.png
n/road228.png
n/road32.png
n/road41.png
n/road43.png
n/road50.png
n/11.driving-country-roads-shutterstock-78677713.jpg
n/118.25.jpeg
n/120.Roads-Image.jpg
n/121.b-65.jpg
n/124.Roads-surface-infrastructure-tarmac-620x330.jpg
n/134.22.jpeg
n/137.380-road-Uttarakhand.jpg
n/138.305d4c9b-92d5-48d8-a562-188442d31a47-large16x9_ThinkstockPhotos506008882.jpg
n/14.smooth-road.jpg
n/152.3111b.jpg
n/16.Tara-Campbell-Aug.-23-478x478.jpg
n/16.smooth-road.jpg
n/166.John-Wiley-Winding-Road-in-Door-County.jpg
n/168.JC-Roads.jpg
n/17.roadhed.jpg
n/18.artworks-000117000311-kxgfgd-t500x500.jpg
n/180.roads.jpg
n/202.Friday_02_12_2015_2048.jpg
n/225.Highway_PTI.jpg
n/228.broken-roads-film_4.jpg
n/276.the-road.jpg
n/3.000ND-46%20W1.jpg
n/3.Ram-Country-Roads-US-FI-630x339.jpg
n/318._105895442_roadsign.jpg
n/32.500_F_286554510_F1BCqu3yPcYlAvOvqI49RBEDLczwaFMf.jpg
n/328.105895438_windingcountryroadsign.jpg
n/33.Country-Road.png
n/33.GettyImages-475428921-609x419.jpg
n/335.lu-05-t%C3%BAnel-479x381.jpg
n/35.depositphotos_265666188-stock-photo-straight-roads.jpg
n/35.infinite2_wm.jpg
n/355.BRO-to-use-plastic-roads.jpeg
n/36.Road-home-page.jpg
n/36.russian-roads-in-karelia-travel-by-road-asphalt-road-smooth-road-car-PTKGMP.jpg
n/37.country-roads-1.jpg
n/40.roads319a.jpg
n/43.CountryRoads1.jpg
n/43.windingroad.jpeg
n/45.roman-roads.jpg
n/49.russian-roads-in-karelia-travel-by-road-asphalt-road-smooth-road-car-PTKGW9.jpg
n/5.1-2.jpg
n/50.country-roads.jpg
n/50.long-straight-roads-into.jpg
n/52.MOEmzIA1-770x433.jpeg
n/58.eyre-highway-AP101489089.jpg
n/61.Roadways_Landscapes_023_cropped.jpg
n/65.RoadBanner.jpg
n/7.Harm_03.jpg
n/75.Shoulder.jpg
n/77.Roads-nature-pic.jpg
n/78.road_resize_md.jpg
n/83.slider07_wagdhari_ribbanpalli%20_tollway_plaza.JPG
n/9.smooth-roads.jpg
n/96.capturemacroad.png
n/road18.png
n/road19.png
n/road21.png
n/road225.png
n/road230.png
n/road234.png
n/road236.png
n/road239.png
n/road241.png
n/road27.png
n/road29.png
n/road33.png
n/road36.png
n/road39.png
n/road44.png
n/road47.png
n/10.driving-on-country-roads-1.jpg
n/10.island-road-trip-smooth-roads-road-trip-sunny-day-sky-having-cumulus-nimbus-clouds-along-empty-smooth-black-124987092.jpg
n/102.Two-new-phases-of-the-Dubai-Expo-2020--033_16ce7757dde_large.jpg
n/12.4oyqr36qol221.jpg
n/123.road-projects.jpg
n/139.roads-1323x405.jpg
n/144.road-932871_1280.jpg
n/149.road-in-dark-forest-1080x720.jpg
n/181.-matt-howard-unsplash.jpg
n/194.road-640881.jpg
n/2.eyre-highway-AP101489089.jpg
n/203.Roads-Banner.JPG
n/21.long-straight-road-western-australia-long-straight-roads-cuts-salt-pan-near-carnarvon-western-australia-114917969.jpg
n/221.Road-and-sidewalk2.jpg
n/250.Road-Rehabiliation-Poland1-600x300.jpg
n/252.autobhan_12_stage_942x319.jpg
n/26.russian-roads-karelia-travel-by-road-asphalt-road-smooth-road_73741-118.jpg
n/27.medium-wide-shot-smooth-roads-600w-1370582291.jpg
n/277.HOW-SAFE-ARE-YOU-ON-BRITAINS-ROADS-2014-RESULTS.jpg
n/279.content-column-410-solutions-rural-road-solutions.jpg
n/29.42859169805_0dbe7ea1ec_b.jpg
n/3.jpg
n/301.main-roads-term-network-no1-1140x507.jpg
n/302.Old_Albany_Post_Road.jpg
n/316.road_1.jpg
n/336.2370174917_6c2a14bcae_o.jpg
n/339.curvy-roads.jpg
n/353.ruta_40.jpg
n/360.1200px-MMLNorr1.JPG
n/4.49297611-c10e-416b-be42-555c32751d83-700x.jpg
n/4.new-road-01.jpg
n/44.sFoPoVD.jpg
n/46.Roads-as-fundamental-right.jpg
n/50.141636-full.jpg
n/6.540283433_541f710840_o.jpg
n/6.country-road-770x439_c.jpg
n/60.DJI_0062-nzzw1qlsoies08j3k88q7vhpq1munqpuwjli431vns.jpg
n/72.2019-Roads-Feature-Image-1024x410.jpg
n/8.cool-runnings.jpg
n/9.asphalt-bitumen-empty-road-1197095.jpg
n/91.bengaluru_road.JPG
n/road223.png
n/road224.png
n/road226.png
n/road229.png
n/road231.png
n/road233.png
n/road235.png
n/road25.png
n/road257.png
n/road26.png
n/road34.png
n/road35.png
n/106.roads-43a.jpg
n/107.2019-9-4-Flood-Recovery-After-42.jpg
n/12.canary-motorcycle-tours.jpg
n/12.take-me-home-country-roads-autumn-in-vermont-felix-lai.jpg
n/131.pexels-photo-209652.jpeg
n/14.roadsfuture18.jpg
n/15.Longest-Roads-Hero.jpg
n/161.10488035_835478799905788_3957409959554045163_n-700x416.jpg
n/17.country-roads-7.png
n/18.pave-life-sl-home-1170x500.jpg
n/19.33339051544_6cfffc488f_b.jpg
n/204.6dd9b313-525c-45dc-b4ae-67aa2026b580-fall.jpg
n/219.gallery_medium.jpg
n/22.pngtree-smooth-roads-png-image_4433653.jpg
n/26.p1376306386-3.jpg
n/28.38002-Cement-Concrete-Roads.jpg
n/289.40160-Concrete-Roads.jpg
n/29.long-straight-roads-600w-1114964789.jpg
n/32.now-5a545275-9a27-436e-b64f-3cc12beb4119-1210-680.jpg
n/352.border-roads-story__647x404_07-770x433.jpeg
n/38.Roads-300x300.jpg
n/4.jpg
n/42.desolate-straight-roads-in-remote-mongolia-at-sunset-BB0H0J.jpg
n/42.russian-roads-in-karelia-travel-by-road-asphalt-road-smooth-road-car-PTKGXX.jpg
n/45.262321324.jpg
n/46.PA-6497441-1024x681.jpg
n/48.4466912636_8c817b95c5_b.jpg
n/55.Plastic-road-head.png
n/59.The%20longest%20roads%20in%20the%20world0.jpg
n/63.Posted-Road-1-1080x675.jpg
n/68.road-banner%20%282%29.png
n/88.MusicalRoad-MelodyRoad1.jpg
n/95.connemararoad.jpg
n/road20.png
n/road213.png
n/road219.png
n/road23.png
n/road240.png
n/road40.png
n/road48.png
n/road49.png
n/103.toll-roads-in-portugal.png
n/11.jpg
n/13.jpg
n/142.white_topping_750.jpg
n/150.Road_Sidewalk_Seasonal_Mtce_Banner_1800x530.jpg
n/158.idpl-road.jpg
n/163.img-hero-5HAUNTEDROADS.jpg
n/165.roads-now.jpg
n/17.modern-wide-smooth-empty-asphalt-260nw-1084764575.jpg
n/18.AdobeStock_163094844.jpeg
n/21.russian-roads-karelia-travel-by-road-asphalt-road-smooth-road_73741-109.jpg
n/262.1pic_4ea7f0b5b85b9834ddbb6f6a5d2c5232.jpg
n/27.solar-roads-2-900x506.jpg
n/3.1RV-cDhABKsMwdF6XYdlFauW0cDSeQZ7f2TBNU00fBQ.jpg
n/344.640px-Approaching-Yamuna01_Agra_Lucknow_Expressway_33198644271-1.jpg
n/38.695736_74031207.jpg
n/39.v47-3324122.jpg
n/4.Essay-Roads-Featured.jpg
n/5.shutterstock_61599592-e1550683226496.jpg
n/6.jpg
n/67.Ice_road_saimaa.JPG
n/8.15004725667_6fbc5f2581_b.jpg
n/9.83182896_medium.jpg
n/9.jpg
n/road11.png
n/road216.png
n/road222.png
n/road237.png
n/road45.png
n/101.1946---N,-d-,09,-d-,93,-d-,04,-d-,04-driving.jpg
n/11.pageicon_home_1503325159.jpg
n/13.1733149.jpg
n/135.roads.jpg
n/14.BmcZ12FCUAAfSPl.jpg
n/140.Ram-Country-Roads-US-FI-630x339.jpg
n/16.74609cf8753d99596a2372165a1c1b22.jpg
n/173.departments-roads-bridges.jpg
n/197.170px-Roads_to_Beaches_of_Newcastle%2C_NSW_in_Australia.JPG
n/21.654672-highways-770x433.jpg
n/220.1534246362_FlEbGW_road_safety_online_resized.jpeg
n/226.Road.jpg
n/229.thinkstockphotos-483482839-hires.jpg
n/244.road-3810808_1280.jpg
n/245.download_3_b22b7d31-0622-4871-bcc6-ec4007f1d884_1024x1024.jpg
n/25.Harm_02.jpg
n/25.road1.jpg
n/284.federation-way-1.jpg
n/287.IMG_6385.jpg
n/31.bf94a6b8143761c8a5ac07521e512b9c.jpg
n/337.BMW_small_Picture.jpg
n/37._106080083_india_roads.jpg
n/38.depositphotos_254882322-stock-photo-empty-country-roads-streets-germany.jpg
n/41.262321669.jpg
n/48.s960_ris-midlands.jpg
n/5.straight-roads2.jpg
n/51.TA39top-Foto-Troels-Andersen.jpg
n/53.The-Roads-in-Belize-1.jpg
n/7.13802057035_4e6ab91b98_b.jpg
n/73.roads_2419537b.jpg
n/74.ice.roads.1.hi.res.jpg
n/85.roads-ministry-to-raise-rs-15000-crore-from-epfo.jpg
n/road13.png
n/road15.png
n/road16.png
n/road212.png
n/road214.png
n/road215.png
n/road221.png
n/road31.png
n/road38.png
n/1.6.jpg
n/1.Longeststraight0.jpg
n/108.5d943fa859157.jpeg
n/11.l5fuxiwuukzztwq3k89wukhhgo9crw8x2g8gancfmi7r1tnl8zneuh6emtjwdz74-.jpg
n/12.jpg
n/125.pl19763161-pu_foam_curve_roads_roller_road_barrier_500mm_height_rolling_road_barrier.jpg
n/154.220-page-001___27143517798.jpg
n/2.Utah-road-near-Arches-National-Park.jpg
n/20.lovely-straight-roads.jpg
n/223.RoadSample2.jpg
n/224.header_roadsanddrains.jpg
n/24.627-939.jpg
n/354.Kaloor-Kadavanthra-roadpothole-650.jpg
n/356.track-bare_0.jpg
n/54.600251-harry_wedzinga-gettyimages-913168420.jpg
n/7.920x920.jpg
n/7._88068994_thinkstockphotos-493881770.jpg
n/8.d336c256e5e7464f8757216009a9be44.jpg
n/8.jpg
n/road218.png
n/road238.png
n/road24.png
n/road37.png
n/road42.png
n/road46.png