n/green_1.jpg
n/green_10.jpg
n/green_11.jpg
n/green_12.jpg
n/green_13.jpg
n/green_14.jpg
n/green_15.jpg
n/green_16.jpg
n/green_17.jpg
n/green_18.jpg
n/green_19.jpg
n/green_2.jpg
n/green_20.jpg
n/green_3.jpg
n/green_32.jpg
n/green_33.jpg
n/green_34.jpg
n/green_35.jpg
n/green_36.jpg
n/green_37.jpg
n/green_38.jpg
n/green_39.jpg
n/green_4.jpg
n/green_40.jpg
n/green_41.jpg
n/green_42.jpg
n/green_43.jpg
n/green_5.jpg
n/green_50.jpg
n/green_51.jpg
n/green_52.jpg
n/green_53.jpg
n/green_54.jpg
n/green_55.jpg
n/green_56.jpg
n/green_57.jpg
n/green_58.jpg
n/green_59.jpg
n/green_6.jpg
n/green_60.jpg
n/green_61.jpg
n/green_62.jpg
n/green_63.jpg
n/green_64.jpg
n/green_65.jpg
n/green_66.jpg
n/green_67.jpg
n/green_68.jpg
n/green_69.jpg
n/green_7.jpg
n/green_70.jpg
n/green_71.jpg
n/green_72.jpg
n/green_73.jpg
n/green_74.jpg
n/green_75.jpg
n/green_76.jpg
n/green_77.jpg
n/green_78.jpg
n/green_79.jpg
n/green_8.jpg
n/green_80.jpg
n/green_81.jpg
n/green_82.jpg
n/green_83.jpg
n/green_9.jpg
n/yellow_100.jpg
n/yellow_101.jpg
n/yellow_102.jpg
n/yellow_103.jpg
n/yellow_104.jpg
n/yellow_105.jpg
n/yellow_106.jpg
n/yellow_107.jpg
n/yellow_108.jpg
n/yellow_109.jpg
n/yellow_110.jpg
n/yellow_111.jpg
n/yellow_112.jpg
n/yellow_113.jpg
n/yellow_114.jpg
n/yellow_115.jpg
n/yellow_116.jpg
n/yellow_117.jpg
n/yellow_118.jpg
n/yellow_119.jpg
n/yellow_12.jpg
n/yellow_120.jpg
n/yellow_121.jpg
n/yellow_122.jpg
n/yellow_123.jpg
n/yellow_124.jpg
n/yellow_125.jpg
n/yellow_126.jpg
n/yellow_127.jpg
n/yellow_128.jpg
n/yellow_129.jpg
n/yellow_130.jpg
n/yellow_131.jpg
n/yellow_132.jpg
n/yellow_133.jpg
n/yellow_139.jpg
n/yellow_140.jpg
n/yellow_141.jpg
n/yellow_147.jpg
n/yellow_154.jpg
n/yellow_155.jpg
n/yellow_40.jpg
n/yellow_41.jpg
n/yellow_42.jpg
n/yellow_43.jpg
n/yellow_44.jpg
n/yellow_45.jpg
n/yellow_46.jpg
n/yellow_47.jpg
n/yellow_48.jpg
n/yellow_49.jpg
n/yellow_50.jpg
n/yellow_51.jpg
n/yellow_52.jpg
n/yellow_53.jpg
n/yellow_54.jpg
n/yellow_55.jpg
n/yellow_56.jpg
n/yellow_57.jpg
n/yellow_58.jpg
n/yellow_59.jpg
n/yellow_60.jpg
n/yellow_61.png
n/yellow_62.png
n/yellow_63.jpg
n/yellow_64.jpg
n/yellow_66.jpg
n/yellow_68.jpg
n/yellow_69.jpg
n/yellow_70.jpg
n/yellow_71.jpg
n/yellow_72.jpg
n/yellow_73.jpg
n/yellow_74.jpg
n/yellow_75.jpg
n/yellow_76.jpg
n/yellow_77.jpg
n/yellow_78.jpg
n/yellow_79.jpg
n/yellow_80.jpg
n/yellow_81.jpg
n/yellow_82.jpg
n/yellow_83.jpg
n/yellow_84.jpg
n/yellow_85.jpg
n/yellow_86.jpg
n/yellow_87.jpg
n/yellow_88.jpg
n/yellow_89.jpg
n/yellow_90.jpg
n/yellow_91.jpg
n/yellow_92.jpg
n/yellow_93.jpg
n/yellow_94.jpg
n/yellow_95.jpg
n/yellow_96.jpg
n/yellow_97.jpg
n/yellow_98.jpg
n/yellow_99.jpg