n/negative96.jpg
n/negative97.jpg
n/negative98.jpg
n/negative99.jpg
n/negative92.jpg
n/negative93.jpg
n/negative94.jpg
n/negative95.jpg
n/negative90.jpg
n/negative91.jpg
n/negative87.jpg
n/negative88.jpg
n/negative89.jpg
n/negative83.jpg
n/negative84.jpg
n/negative85.jpg
n/negative86.jpg
n/negative79.jpg
n/negative80.jpg
n/negative81.jpg
n/negative82.jpg
n/negative76.jpg
n/negative77.jpg
n/negative78.jpg
n/negative74.jpg
n/negative75.jpg
n/negative70.jpg
n/negative71.jpg
n/negative72.jpg
n/negative73.jpg
n/negative67.jpg
n/negative68.jpg
n/negative69.jpg
n/negative66.jpg
n/negative61.jpg
n/negative62.jpg
n/negative63.jpg
n/negative64.jpg
n/negative65.jpg
n/negative56.jpg
n/negative57.jpg
n/negative58.jpg
n/negative59.jpg
n/negative60.jpg
n/negative53.jpg
n/negative54.jpg
n/negative55.jpg
n/negative48.jpg
n/negative49.jpg
n/negative50.jpg
n/negative51.jpg
n/negative52.jpg
n/negative44.jpg
n/negative45.jpg
n/negative46.jpg
n/negative47.jpg
n/negative38.jpg
n/negative39.jpg
n/negative40.jpg
n/negative41.jpg
n/negative42.jpg
n/negative43.jpg
n/negative33.jpg
n/negative34.jpg
n/negative35.jpg
n/negative36.jpg
n/negative37.jpg
n/negative32.jpg
n/negative30.jpg
n/negative31.jpg
n/negative28.jpg
n/negative29.jpg
n/negative24.jpg
n/negative25.jpg
n/negative26.jpg
n/negative27.jpg
n/negative21.jpg
n/negative22.jpg
n/negative23.jpg
n/negative20.jpg
n/negative17.jpg
n/negative18.jpg
n/negative19.jpg
n/negative15.jpg
n/negative16.jpg
n/negative11.jpg
n/negative12.jpg
n/negative13.jpg
n/negative14.jpg
n/negative10.jpg
n/negative8.jpg
n/negative9.jpg
n/negative4.jpg
n/negative5.jpg
n/negative6.jpg
n/negative7.jpg
n/negative3.jpg
n/negative2.jpg
n/negative0.jpg
n/negative1.jpg