n/negative92.jpg
n/negative93.jpg
n/negative90.jpg
n/negative91.jpg
n/negative87.jpg
n/negative88.jpg
n/negative89.jpg
n/negative83.jpg
n/negative84.jpg
n/negative85.jpg
n/negative86.jpg
n/negative79.jpg
n/negative80.jpg
n/negative81.jpg
n/negative82.jpg
n/negative76.jpg
n/negative77.jpg
n/negative78.jpg
n/negative74.jpg
n/negative75.jpg
n/negative70.jpg
n/negative71.jpg
n/negative72.jpg
n/negative73.jpg
n/negative67.jpg
n/negative68.jpg
n/negative69.jpg
n/negative66.jpg
n/negative61.jpg
n/negative62.jpg
n/negative63.jpg
n/negative64.jpg
n/negative65.jpg
n/negative56.jpg
n/negative57.jpg
n/negative58.jpg
n/negative59.jpg
n/negative60.jpg
n/negative53.jpg
n/negative54.jpg
n/negative55.jpg
n/negative48.jpg
n/negative49.jpg
n/negative50.jpg
n/negative51.jpg
n/negative52.jpg
n/negative44.jpg
n/negative45.jpg
n/negative46.jpg
n/negative47.jpg
n/negative38.jpg
n/negative39.jpg
n/negative40.jpg
n/negative41.jpg
n/negative42.jpg
n/negative43.jpg
n/negative33.jpg
n/negative34.jpg
n/negative35.jpg
n/negative36.jpg
n/negative37.jpg
n/negative32.jpg
n/negative30.jpg
n/negative31.jpg
n/negative28.jpg
n/negative29.jpg
n/negative24.jpg
n/negative25.jpg
n/negative26.jpg
n/negative27.jpg
n/negative21.jpg
n/negative22.jpg
n/negative23.jpg
n/negative20.jpg
n/negative17.jpg
n/negative18.jpg
n/negative19.jpg
n/negative15.jpg
n/negative16.jpg
n/negative11.jpg
n/negative12.jpg
n/negative13.jpg
n/negative14.jpg
n/negative10.jpg
n/negative8.jpg
n/negative9.jpg
n/negative4.jpg
n/negative5.jpg
n/negative6.jpg
n/negative7.jpg
n/negative3.jpg
n/negative2.jpg
n/negative0.jpg
n/negative1.jpg
n/green99.jpg
n/green98.jpg
n/green95.jpg
n/green96.jpg
n/green97.jpg
n/green92.jpg
n/green93.jpg
n/green94.jpg
n/green90.jpg
n/green91.jpg
n/green89.jpg
n/green87.jpg
n/green88.jpg
n/green85.jpg
n/green86.jpg
n/green83.jpg
n/green84.jpg
n/green82.jpg
n/green81.jpg
n/green80.jpg
n/green79.jpg
n/green78.jpg
n/green76.jpg
n/green77.jpg
n/green75.jpg
n/green74.jpg
n/green72.jpg
n/green73.jpg
n/green71.jpg
n/green68.jpg
n/green69.jpg
n/green70.jpg
n/green65.jpg
n/green66.jpg
n/green67.jpg
n/green63.jpg
n/green64.jpg
n/green60.jpg
n/green61.jpg
n/green62.jpg
n/green58.jpg
n/green59.jpg
n/green55.jpg
n/green56.jpg
n/green57.jpg
n/green52.jpg
n/green53.jpg
n/green54.jpg
n/green49.jpg
n/green50.jpg
n/green51.jpg
n/green47.jpg
n/green48.jpg
n/green44.jpg
n/green45.jpg
n/green46.jpg
n/green42.jpg
n/green43.jpg
n/green40.jpg
n/green41.jpg
n/green38.jpg
n/green39.jpg
n/green36.jpg
n/green37.jpg
n/green34.jpg
n/green35.jpg
n/green31.jpg
n/green32.jpg
n/green33.jpg
n/green29.jpg
n/green30.jpg
n/green27.jpg
n/green28.jpg
n/green25.jpg
n/green26.jpg
n/green22.jpg
n/green23.jpg
n/green24.jpg
n/green20.jpg
n/green21.jpg
n/green18.jpg
n/green19.jpg
n/green17.jpg
n/green15.jpg
n/green16.jpg
n/green14.jpg
n/green13.jpg
n/green12.jpg
n/green10.jpg
n/green11.jpg
n/green9.jpg
n/green7.jpg
n/green8.jpg
n/green6.jpg
n/green5.jpg
n/green4.jpg
n/green1.jpg
n/green2.jpg
n/green3.jpg
n/green0.jpg
n/yellow98.jpg
n/yellow99.jpg
n/yellow96.jpg
n/yellow97.jpg
n/yellow94.jpg
n/yellow95.jpg
n/yellow91.jpg
n/yellow92.jpg
n/yellow93.jpg
n/yellow89.jpg
n/yellow90.jpg
n/yellow87.jpg
n/yellow88.jpg
n/yellow85.jpg
n/yellow86.jpg
n/yellow83.jpg
n/yellow84.jpg
n/yellow81.jpg
n/yellow82.jpg
n/yellow79.jpg
n/yellow80.jpg
n/yellow77.jpg
n/yellow78.jpg
n/yellow74.jpg
n/yellow75.jpg
n/yellow76.jpg
n/yellow73.jpg
n/yellow71.jpg
n/yellow72.jpg
n/yellow69.jpg
n/yellow70.jpg
n/yellow67.jpg
n/yellow68.jpg
n/yellow65.jpg
n/yellow66.jpg
n/yellow63.jpg
n/yellow64.jpg
n/yellow62.jpg
n/yellow60.jpg
n/yellow61.jpg
n/yellow59.jpg
n/yellow57.jpg
n/yellow58.jpg
n/yellow56.jpg
n/yellow54.jpg
n/yellow55.jpg
n/yellow52.jpg
n/yellow53.jpg
n/yellow49.jpg
n/yellow50.jpg
n/yellow51.jpg
n/yellow48.jpg
n/yellow46.jpg
n/yellow47.jpg
n/yellow45.jpg
n/yellow43.jpg
n/yellow44.jpg
n/yellow41.jpg
n/yellow42.jpg
n/yellow38.jpg
n/yellow39.jpg
n/yellow40.jpg
n/yellow35.jpg
n/yellow36.jpg
n/yellow37.jpg
n/yellow33.jpg
n/yellow34.jpg
n/yellow31.jpg
n/yellow32.jpg
n/yellow29.jpg
n/yellow30.jpg
n/yellow27.jpg
n/yellow28.jpg
n/yellow26.jpg
n/yellow25.jpg
n/yellow24.jpg
n/yellow22.jpg
n/yellow23.jpg
n/yellow21.jpg
n/yellow20.jpg
n/yellow18.jpg
n/yellow19.jpg
n/yellow16.jpg
n/yellow17.jpg
n/yellow14.jpg
n/yellow15.jpg
n/yellow12.jpg
n/yellow13.jpg
n/yellow10.jpg
n/yellow11.jpg
n/yellow8.jpg
n/yellow9.jpg
n/yellow7.jpg
n/yellow4.jpg
n/yellow5.jpg
n/yellow6.jpg
n/yellow2.jpg
n/yellow3.jpg
n/yellow1.jpg
n/yellow0.jpg